// Vitest Snapshot v1, https://vitest.dev/guide/snapshot.html

exports[`captures tokens 1`] = `
"new ((function(){
return class Handler {
  constructor(clients) {
    for (const [name, client] of Object.entries(clients)) {
      this[name] = client;
    }
  }
  async handle(event) {
    console.log(this.str, this.num, this.list);
  }
};
})())({
str: JSON.parse(process.env[\\"WING_TOKEN_TFTOKEN_TOKEN_10\\"]),
num: JSON.parse(process.env[\\"WING_TOKEN_8_109562212591389E_298\\"]),
list: JSON.parse(process.env[\\"WING_TOKEN_TFTOKEN_TOKEN_12\\"])
})"
`;

exports[`captures tokens 2`] = `
"{
  \\"data\\": {
    \\"aws_partition\\": {
      \\"Partition\\": {}
    },
    \\"aws_region\\": {
      \\"Region\\": {}
    }
  },
  \\"output\\": {
    \\"WING_TEST_RUNNER_FUNCTION_ARNS\\": {
      \\"value\\": \\"[]\\"
    }
  },
  \\"resource\\": {
    \\"aws_api_gateway_account\\": {
      \\"Api_CloudWatchAccount_528ED331\\": {
        \\"cloudwatch_role_arn\\": \\"\${aws_iam_role.Api_CloudWatchRole_639D55FF.arn}\\",
        \\"depends_on\\": [
          \\"aws_api_gateway_rest_api.Api_api_91C07D84\\"
        ]
      }
    },
    \\"aws_api_gateway_deployment\\": {
      \\"Api_api_deployment_7FB64CC4\\": {
        \\"lifecycle\\": {
          \\"create_before_destroy\\": true
        },
        \\"rest_api_id\\": \\"\${aws_api_gateway_rest_api.Api_api_91C07D84.id}\\",
        \\"triggers\\": {
          \\"redeployment\\": \\"bb379d327939ff71b405ed3a288776d8680ca1e0\\"
        }
      }
    },
    \\"aws_api_gateway_rest_api\\": {
      \\"Api_api_91C07D84\\": {
        \\"body\\": \\"{\\\\\\"openapi\\\\\\":\\\\\\"3.0.3\\\\\\",\\\\\\"paths\\\\\\":{\\\\\\"/\\\\\\":{\\\\\\"get\\\\\\":{\\\\\\"operationId\\\\\\":\\\\\\"get\\\\\\",\\\\\\"responses\\\\\\":{\\\\\\"200\\\\\\":{\\\\\\"description\\\\\\":\\\\\\"200 response\\\\\\",\\\\\\"content\\\\\\":{}}},\\\\\\"parameters\\\\\\":[],\\\\\\"x-amazon-apigateway-integration\\\\\\":{\\\\\\"uri\\\\\\":\\\\\\"arn:aws:apigateway:\${data.aws_region.Region.name}:lambda:path/2015-03-31/functions/\${aws_lambda_function.Api_Api-OnRequest-c5395e41_37F21C2B.arn}/invocations\\\\\\",\\\\\\"type\\\\\\":\\\\\\"aws_proxy\\\\\\",\\\\\\"httpMethod\\\\\\":\\\\\\"POST\\\\\\",\\\\\\"responses\\\\\\":{\\\\\\"default\\\\\\":{\\\\\\"statusCode\\\\\\":\\\\\\"200\\\\\\"}},\\\\\\"passthroughBehavior\\\\\\":\\\\\\"when_no_match\\\\\\",\\\\\\"contentHandling\\\\\\":\\\\\\"CONVERT_TO_TEXT\\\\\\"}}}}}\\",
        \\"name\\": \\"api-c8f613f0\\"
      }
    },
    \\"aws_api_gateway_stage\\": {
      \\"Api_api_stage_E0FA39D6\\": {
        \\"deployment_id\\": \\"\${aws_api_gateway_deployment.Api_api_deployment_7FB64CC4.id}\\",
        \\"rest_api_id\\": \\"\${aws_api_gateway_rest_api.Api_api_91C07D84.id}\\",
        \\"stage_name\\": \\"prod\\"
      }
    },
    \\"aws_iam_role\\": {
      \\"Api_Api-OnRequest-c5395e41_IamRole_9427E0ED\\": {
        \\"assume_role_policy\\": \\"{\\\\\\"Version\\\\\\":\\\\\\"2012-10-17\\\\\\",\\\\\\"Statement\\\\\\":[{\\\\\\"Action\\\\\\":\\\\\\"sts:AssumeRole\\\\\\",\\\\\\"Principal\\\\\\":{\\\\\\"Service\\\\\\":\\\\\\"lambda.amazonaws.com\\\\\\"},\\\\\\"Effect\\\\\\":\\\\\\"Allow\\\\\\"}]}\\"
      },
      \\"Api_CloudWatchRole_639D55FF\\": {
        \\"assume_role_policy\\": \\"{\\\\\\"Version\\\\\\":\\\\\\"2012-10-17\\\\\\",\\\\\\"Statement\\\\\\":[{\\\\\\"Action\\\\\\":\\\\\\"sts:AssumeRole\\\\\\",\\\\\\"Principal\\\\\\":{\\\\\\"Service\\\\\\":\\\\\\"apigateway.amazonaws.com\\\\\\"},\\\\\\"Effect\\\\\\":\\\\\\"Allow\\\\\\"}]}\\",
        \\"managed_policy_arns\\": [
          \\"arn:\${data.aws_partition.Partition.partition}:iam::aws:policy/service-role/AmazonAPIGatewayPushToCloudWatchLogs\\"
        ]
      }
    },
    \\"aws_iam_role_policy\\": {
      \\"Api_Api-OnRequest-c5395e41_IamRolePolicy_7C0B6530\\": {
        \\"policy\\": \\"{\\\\\\"Version\\\\\\":\\\\\\"2012-10-17\\\\\\",\\\\\\"Statement\\\\\\":[{\\\\\\"Effect\\\\\\":\\\\\\"Allow\\\\\\",\\\\\\"Action\\\\\\":\\\\\\"none:null\\\\\\",\\\\\\"Resource\\\\\\":\\\\\\"*\\\\\\"}]}\\",
        \\"role\\": \\"\${aws_iam_role.Api_Api-OnRequest-c5395e41_IamRole_9427E0ED.name}\\"
      }
    },
    \\"aws_iam_role_policy_attachment\\": {
      \\"Api_Api-OnRequest-c5395e41_IamRolePolicyAttachment_60C1AF18\\": {
        \\"policy_arn\\": \\"arn:aws:iam::aws:policy/service-role/AWSLambdaBasicExecutionRole\\",
        \\"role\\": \\"\${aws_iam_role.Api_Api-OnRequest-c5395e41_IamRole_9427E0ED.name}\\"
      }
    },
    \\"aws_lambda_function\\": {
      \\"Api_Api-OnRequest-c5395e41_37F21C2B\\": {
        \\"environment\\": {
          \\"variables\\": {
            \\"WING_FUNCTION_NAME\\": \\"Api-OnRequest-c5395e41-c8f26cae\\",
            \\"WING_TOKEN_8_109562212591389E_298\\": \\"\${jsonencode(var.Number)}\\",
            \\"WING_TOKEN_TFTOKEN_TOKEN_10\\": \\"\${jsonencode(aws_api_gateway_stage.Api_api_stage_E0FA39D6.invoke_url)}\\",
            \\"WING_TOKEN_TFTOKEN_TOKEN_12\\": \\"\${jsonencode(var.List)}\\"
          }
        },
        \\"function_name\\": \\"Api-OnRequest-c5395e41-c8f26cae\\",
        \\"handler\\": \\"index.handler\\",
        \\"publish\\": true,
        \\"role\\": \\"\${aws_iam_role.Api_Api-OnRequest-c5395e41_IamRole_9427E0ED.arn}\\",
        \\"runtime\\": \\"nodejs18.x\\",
        \\"s3_bucket\\": \\"\${aws_s3_bucket.Code.bucket}\\",
        \\"s3_key\\": \\"\${aws_s3_object.Api_Api-OnRequest-c5395e41_S3Object_D564F39C.key}\\",
        \\"timeout\\": 30,
        \\"vpc_config\\": {
          \\"security_group_ids\\": [],
          \\"subnet_ids\\": []
        }
      }
    },
    \\"aws_lambda_permission\\": {
      \\"Api_api_permission-GET-c2e3ffa8_5BF93889\\": {
        \\"action\\": \\"lambda:InvokeFunction\\",
        \\"function_name\\": \\"\${aws_lambda_function.Api_Api-OnRequest-c5395e41_37F21C2B.function_name}\\",
        \\"principal\\": \\"apigateway.amazonaws.com\\",
        \\"source_arn\\": \\"\${aws_api_gateway_rest_api.Api_api_91C07D84.execution_arn}/*/GET/\\",
        \\"statement_id\\": \\"AllowExecutionFromAPIGateway-GET-c2e3ffa8\\"
      }
    },
    \\"aws_s3_bucket\\": {
      \\"Code\\": {
        \\"bucket_prefix\\": \\"code-c84a50b1-\\"
      }
    },
    \\"aws_s3_object\\": {
      \\"Api_Api-OnRequest-c5395e41_S3Object_D564F39C\\": {
        \\"bucket\\": \\"\${aws_s3_bucket.Code.bucket}\\",
        \\"key\\": \\"<key>\\",
        \\"source\\": \\"<source>\\"
      }
    }
  },
  \\"variable\\": {
    \\"List\\": {
      \\"default\\": [
        1,
        2,
        3
      ],
      \\"type\\": \\"List<Number>\\"
    },
    \\"Number\\": {
      \\"default\\": 123,
      \\"type\\": \\"Number\\"
    }
  }
}"
`;
