---
source: libs/wingc/src/lsp/hover.rs
---
contents:
  kind: markdown
  value: "```wing\nhi: Json { inner: [num, num, num] }\n```"
range:
  start:
    line: 1
    character: 2
  end:
    line: 1
    character: 4

